--------------------------------------------------------------------------------
Release 14.7 Trace  (nt64)
Copyright (c) 1995-2013 Xilinx, Inc.  All rights reserved.

D:\Xilinx\14.7\ISE_DS\ISE\bin\nt64\unwrapped\trce.exe -intstyle ise -v 3 -s 3
-n 3 -fastpaths -xml led.twx led.ncd -o led.twr led.pcf -ucf led.ucf

Design file:              led.ncd
Physical constraint file: led.pcf
Device,package,speed:     xc7a100t,fgg484,C,-3 (PRODUCTION 1.10 2013-10-13)
Report level:             verbose report

Environment Variable      Effect 
--------------------      ------ 
NONE                      No environment variables were set
--------------------------------------------------------------------------------

INFO:Timing:2698 - No timing constraints found, doing default enumeration.
INFO:Timing:3412 - To improve timing, see the Timing Closure User Guide (UG612).
INFO:Timing:2752 - To get complete path coverage, use the unconstrained paths 
   option. All paths that are not constrained will be reported in the 
   unconstrained paths section(s) of the report.
INFO:Timing:3339 - The clock-to-out numbers in this timing report are based on 
   a 50 Ohm transmission line loading model.  For the details of this model, 
   and for more information on accounting for different loading conditions, 
   please see the device datasheet.



Data Sheet report:
-----------------
All values displayed in nanoseconds (ns)

Clock rst to Pad
------------+-----------------+------------+-----------------+------------+------------------+--------+
            |Max (slowest) clk|  Process   |Min (fastest) clk|  Process   |                  | Clock  |
Destination |  (edge) to PAD  |   Corner   |  (edge) to PAD  |   Corner   |Internal Clock(s) | Phase  |
------------+-----------------+------------+-----------------+------------+------------------+--------+
led<0>      |         9.205(F)|      SLOW  |         4.324(F)|      FAST  |rst_sw[0]_AND_19_o|   0.000|
led<3>      |         9.531(F)|      SLOW  |         4.526(F)|      FAST  |rst_sw[1]_AND_7_o |   0.000|
led<4>      |         9.125(F)|      SLOW  |         4.312(F)|      FAST  |rst_sw[1]_AND_7_o |   0.000|
led<7>      |         9.198(F)|      SLOW  |         4.305(F)|      FAST  |rst_sw[1]_AND_1_o |   0.000|
------------+-----------------+------------+-----------------+------------+------------------+--------+

Clock sw<0> to Pad
------------+-----------------+------------+-----------------+------------+------------------+--------+
            |Max (slowest) clk|  Process   |Min (fastest) clk|  Process   |                  | Clock  |
Destination |  (edge) to PAD  |   Corner   |  (edge) to PAD  |   Corner   |Internal Clock(s) | Phase  |
------------+-----------------+------------+-----------------+------------+------------------+--------+
led<0>      |         8.047(F)|      SLOW  |         3.659(F)|      FAST  |rst_sw[0]_AND_19_o|   0.000|
led<3>      |         7.962(F)|      SLOW  |         3.618(F)|      FAST  |rst_sw[1]_AND_7_o |   0.000|
led<4>      |         7.556(F)|      SLOW  |         3.404(F)|      FAST  |rst_sw[1]_AND_7_o |   0.000|
led<7>      |         7.564(F)|      SLOW  |         3.435(F)|      FAST  |rst_sw[1]_AND_1_o |   0.000|
------------+-----------------+------------+-----------------+------------+------------------+--------+

Clock sw<1> to Pad
------------+-----------------+------------+-----------------+------------+------------------+--------+
            |Max (slowest) clk|  Process   |Min (fastest) clk|  Process   |                  | Clock  |
Destination |  (edge) to PAD  |   Corner   |  (edge) to PAD  |   Corner   |Internal Clock(s) | Phase  |
------------+-----------------+------------+-----------------+------------+------------------+--------+
led<3>      |         7.833(F)|      SLOW  |         3.529(F)|      FAST  |rst_sw[1]_AND_7_o |   0.000|
led<4>      |         7.427(F)|      SLOW  |         3.315(F)|      FAST  |rst_sw[1]_AND_7_o |   0.000|
led<7>      |         7.187(F)|      SLOW  |         3.150(F)|      FAST  |rst_sw[1]_AND_1_o |   0.000|
------------+-----------------+------------+-----------------+------------+------------------+--------+

Clock to Setup on destination clock clk
---------------+---------+---------+---------+---------+
               | Src:Rise| Src:Fall| Src:Rise| Src:Fall|
Source Clock   |Dest:Rise|Dest:Rise|Dest:Fall|Dest:Fall|
---------------+---------+---------+---------+---------+
clk            |    2.503|         |         |         |
rst            |    0.360|    0.360|         |         |
---------------+---------+---------+---------+---------+

Clock to Setup on destination clock rst
---------------+---------+---------+---------+---------+
               | Src:Rise| Src:Fall| Src:Rise| Src:Fall|
Source Clock   |Dest:Rise|Dest:Rise|Dest:Fall|Dest:Fall|
---------------+---------+---------+---------+---------+
rst            |         |         |    0.992|    0.992|
sw<0>          |         |         |   -0.109|   -0.109|
sw<1>          |         |         |   -0.500|   -0.500|
---------------+---------+---------+---------+---------+

Clock to Setup on destination clock sw<0>
---------------+---------+---------+---------+---------+
               | Src:Rise| Src:Fall| Src:Rise| Src:Fall|
Source Clock   |Dest:Rise|Dest:Rise|Dest:Fall|Dest:Fall|
---------------+---------+---------+---------+---------+
rst            |         |         |    2.296|    2.296|
sw<0>          |         |         |    0.814|    0.814|
sw<1>          |         |         |    0.431|    0.431|
---------------+---------+---------+---------+---------+

Clock to Setup on destination clock sw<1>
---------------+---------+---------+---------+---------+
               | Src:Rise| Src:Fall| Src:Rise| Src:Fall|
Source Clock   |Dest:Rise|Dest:Rise|Dest:Fall|Dest:Fall|
---------------+---------+---------+---------+---------+
rst            |         |         |    2.644|    2.644|
sw<0>          |         |         |    1.018|    1.018|
sw<1>          |         |         |    0.654|    0.654|
---------------+---------+---------+---------+---------+


Analysis completed Mon Dec 24 10:37:02 2018 
--------------------------------------------------------------------------------

Trace Settings:
-------------------------
Trace Settings 

Peak Memory Usage: 5004 MB



