#-----------------------------------------------------------
# PlanAhead v14.7
# Build 321239 by xbuild on Fri Sep 27 19:31:35 MDT 2013
# Start of session at: Sun Mar 24 20:47:48 2019
# Process ID: 8936
# Log file: E:/ISE/Term_PC/FullAdder/planAhead_run_1/planAhead.log
# Journal file: E:/ISE/Term_PC/FullAdder/planAhead_run_1/planAhead.jou
#-----------------------------------------------------------
start_gui
source E:/ISE/Term_PC/FullAdder/pa.fromNetlist.tcl
set_property iostandard LVCMOS18 [get_ports [list a]]
set_property iostandard LVCMOS18 [get_ports [list b]]
set_property iostandard LVCMOS18 [get_ports [list c0]]
set_property iostandard LVCMOS18 [get_ports [list c1]]
set_property iostandard LVCMOS18 [get_ports [list f]]
set_property pulltype PULLDOWN [get_ports [list a]]
set_property pulltype PULLDOWN [get_ports [list b]]
set_property pulltype PULLDOWN [get_ports [list c0]]
startgroup
set_property package_pin T3 [get_ports a]
endgroup
startgroup
set_property package_pin U3 [get_ports b]
endgroup
startgroup
set_property package_pin T4 [get_ports c0]
endgroup
startgroup
set_property package_pin R1 [get_ports c1]
endgroup
startgroup
set_property package_pin P2 [get_ports f]
endgroup
save_constraints
