#-----------------------------------------------------------
# PlanAhead v14.7
# Build 321239 by xbuild on Fri Sep 27 19:31:35 MDT 2013
# Start of session at: Sun Dec 09 13:22:20 2018
# Process ID: 13880
# Log file: E:/ISE/Project_6/planAhead_run_1/planAhead.log
# Journal file: E:/ISE/Project_6/planAhead_run_1/planAhead.jou
#-----------------------------------------------------------
start_gui
source E:/ISE/Project_6/pa.fromNetlist.tcl
set_property pulltype PULLDOWN [get_ports [list {a[3]} {a[2]} {a[1]} {a[0]}]]
set_property pulltype PULLDOWN [get_ports [list {b[3]} {b[2]} {b[1]} {b[0]}]]
startgroup
set_property package_pin T3 [get_ports {a[3]}]
endgroup
startgroup
set_property package_pin U3 [get_ports {a[2]}]
endgroup
startgroup
set_property package_pin T4 [get_ports {a[1]}]
endgroup
startgroup
set_property package_pin V3 [get_ports {a[0]}]
endgroup
set_property package_pin "" [get_ports [list  {b[3]}]]
startgroup
set_property package_pin V4 [get_ports {b[3]}]
endgroup
startgroup
set_property package_pin W4 [get_ports {b[2]}]
endgroup
startgroup
set_property package_pin Y4 [get_ports {b[1]}]
endgroup
startgroup
set_property package_pin Y6 [get_ports {b[0]}]
endgroup
startgroup
set_property package_pin R1 [get_ports {f[3]}]
endgroup
startgroup
set_property package_pin P2 [get_ports {f[2]}]
endgroup
startgroup
set_property package_pin P1 [get_ports {f[1]}]
endgroup
startgroup
set_property package_pin N2 [get_ports {f[0]}]
endgroup
set_property pulltype PULLDOWN [get_ports [list c0]]
startgroup
set_property package_pin W7 [get_ports c0]
endgroup
startgroup
set_property package_pin M1 [get_ports c4]
endgroup
save_constraints
